[INFO] Scanning for projects...
[INFO] 
[INFO] --------------------< com.banking:account-service >---------------------
[INFO] Building  0.0.1-SNAPSHOT
[INFO]   from pom.xml
[INFO] --------------------------------[ jar ]---------------------------------
[INFO] 
[INFO] --- clean:3.5.0:clean (default-clean) @ account-service ---
[INFO] Deleting /home/tunnu/stark-labs/Microservice Banking app/account-service/target
[INFO] 
[INFO] >>> spring-boot:4.1.1:run (default-cli) > test-compile @ account-service >>>
[INFO] 
[INFO] --- resources:3.5.0:resources (default-resources) @ account-service ---
[INFO] Copying 1 resource from src/main/resources to target/classes
[INFO] Copying 0 resource from src/main/resources to target/classes
[INFO] 
[INFO] --- compiler:3.15.0:compile (default-compile) @ account-service ---
[INFO] Recompiling the module because of changed source code.
[INFO] Compiling 12 source files with javac [debug parameters release 17] to target/classes
[INFO] 
[INFO] --- resources:3.5.0:testResources (default-testResources) @ account-service ---
[INFO] skip non existing resourceDirectory /home/tunnu/stark-labs/Microservice Banking app/account-service/src/test/resources
[INFO] 
[INFO] --- compiler:3.15.0:testCompile (default-testCompile) @ account-service ---
[INFO] Recompiling the module because of changed dependency.
[INFO] Compiling 1 source file with javac [debug parameters release 17] to target/test-classes
[INFO] 
[INFO] <<< spring-boot:4.1.1:run (default-cli) < test-compile @ account-service <<<
[INFO] 
[INFO] 
[INFO] --- spring-boot:4.1.1:run (default-cli) @ account-service ---
[INFO] Attaching agents: []

  .   ____          _            __ _ _
 /\\ / ___'_ __ _ _(_)_ __  __ _ \ \ \ \
( ( )\___ | '_ | '_| | '_ \/ _` | \ \ \ \
 \\/  ___)| |_)| | | | | || (_| |  ) ) ) )
  '  |____| .__|_| |_|_| |_\__, | / / / /
 =========|_|==============|___/=/_/_/_/

 :: Spring Boot ::                (v4.1.1)

2026-09-28T17:04:01.528+05:30  INFO 31920 --- [account-service] [           main] c.b.a.AccountServiceApplication          : Starting AccountServiceApplication using Java 21.0.2 with PID 31920 (/home/tunnu/stark-labs/Microservice Banking app/account-service/target/classes started by tunnu in /home/tunnu/stark-labs/Microservice Banking app/account-service)
2026-09-28T17:04:01.531+05:30  INFO 31920 --- [account-service] [           main] c.b.a.AccountServiceApplication          : No active profile set, falling back to 1 default profile: "default"
2026-09-28T17:04:02.201+05:30  INFO 31920 --- [account-service] [           main] .s.d.r.c.RepositoryConfigurationDelegate : Bootstrapping Spring Data JPA repositories in DEFAULT mode.
2026-09-28T17:04:02.237+05:30  INFO 31920 --- [account-service] [           main] .s.d.r.c.RepositoryConfigurationDelegate : Finished Spring Data repository scanning in 29 ms. Found 1 JPA repository interface.
2026-09-28T17:04:02.737+05:30  INFO 31920 --- [account-service] [           main] o.s.boot.tomcat.TomcatWebServer          : Tomcat initialized with port 8081 (http)
2026-09-28T17:04:02.749+05:30  INFO 31920 --- [account-service] [           main] o.apache.catalina.core.StandardService   : Starting service [Tomcat]
2026-09-28T17:04:02.749+05:30  INFO 31920 --- [account-service] [           main] o.apache.catalina.core.StandardEngine    : Starting Servlet engine: [Apache Tomcat/11.0.24]
2026-09-28T17:04:02.781+05:30  INFO 31920 --- [account-service] [           main] b.w.c.s.WebApplicationContextInitializer : Root WebApplicationContext: initialization completed in 1200 ms
2026-09-28T17:04:02.976+05:30  INFO 31920 --- [account-service] [           main] org.hibernate.orm.jpa                    : HHH008540: Processing PersistenceUnitInfo [name: default]
2026-09-28T17:04:03.018+05:30  INFO 31920 --- [account-service] [           main] org.hibernate.orm.core                   : HHH000001: Hibernate ORM core version 7.4.5.Final
2026-09-28T17:04:03.303+05:30  INFO 31920 --- [account-service] [           main] o.s.o.j.p.SpringPersistenceUnitInfo      : No LoadTimeWeaver setup: ignoring JPA class transformer
2026-09-28T17:04:03.327+05:30  INFO 31920 --- [account-service] [           main] com.zaxxer.hikari.HikariDataSource       : HikariPool-1 - Starting...
2026-09-28T17:04:04.407+05:30  WARN 31920 --- [account-service] [           main] org.hibernate.orm.jdbc.error             : HHH000247: ErrorCode: 90020, SQLState: 90020
2026-09-28T17:04:04.407+05:30  WARN 31920 --- [account-service] [           main] org.hibernate.orm.jdbc.error             : Database may be already in use: "/home/tunnu/stark-labs/Microservice Banking app/account-service/data/account-db.mv.db". Possible solutions: close all other connection(s); use the server mode [90020-240]
2026-09-28T17:04:04.407+05:30  WARN 31920 --- [account-service] [           main] org.hibernate.orm.jdbc                   : HHH100046: Could not obtain connection to query JDBC database metadata

org.hibernate.exception.GenericJDBCException: Unable to obtain isolated JDBC connection [Database may be already in use: "/home/tunnu/stark-labs/Microservice Banking app/account-service/data/account-db.mv.db". Possible solutions: close all other connection(s); use the server mode [90020-240]] [n/a]
	at org.hibernate.exception.internal.StandardSQLExceptionConverter.convert(StandardSQLExceptionConverter.java:39) ~[hibernate-core-7.4.5.Final.jar:7.4.5.Final]
	at org.hibernate.engine.jdbc.spi.SqlExceptionHelper.convert(SqlExceptionHelper.java:115) ~[hibernate-core-7.4.5.Final.jar:7.4.5.Final]
	at org.hibernate.engine.jdbc.spi.SqlExceptionHelper.convert(SqlExceptionHelper.java:101) ~[hibernate-core-7.4.5.Final.jar:7.4.5.Final]
	at org.hibernate.resource.transaction.backend.jdbc.internal.JdbcIsolationDelegate.delegateWork(JdbcIsolationDelegate.java:51) ~[hibernate-core-7.4.5.Final.jar:7.4.5.Final]
	at org.hibernate.engine.jdbc.env.internal.JdbcEnvironmentInitiator.getJdbcEnvironmentUsingJdbcMetadata(JdbcEnvironmentInitiator.java:366) ~[hibernate-core-7.4.5.Final.jar:7.4.5.Final]
	at org.hibernate.engine.jdbc.env.internal.JdbcEnvironmentInitiator.getJdbcEnvironment(JdbcEnvironmentInitiator.java:143) ~[hibernate-core-7.4.5.Final.jar:7.4.5.Final]
	at org.hibernate.engine.jdbc.env.internal.JdbcEnvironmentInitiator.initiateService(JdbcEnvironmentInitiator.java:120) ~[hibernate-core-7.4.5.Final.jar:7.4.5.Final]
	at org.hibernate.engine.jdbc.env.internal.JdbcEnvironmentInitiator.initiateService(JdbcEnvironmentInitiator.java:80) ~[hibernate-core-7.4.5.Final.jar:7.4.5.Final]
	at org.hibernate.boot.registry.internal.StandardServiceRegistryImpl.initiateService(StandardServiceRegistryImpl.java:133) ~[hibernate-core-7.4.5.Final.jar:7.4.5.Final]
	at org.hibernate.service.internal.AbstractServiceRegistryImpl.createService(AbstractServiceRegistryImpl.java:260) ~[hibernate-core-7.4.5.Final.jar:7.4.5.Final]
	at org.hibernate.service.internal.AbstractServiceRegistryImpl.initializeService(AbstractServiceRegistryImpl.java:235) ~[hibernate-core-7.4.5.Final.jar:7.4.5.Final]
	at org.hibernate.service.internal.AbstractServiceRegistryImpl.getService(AbstractServiceRegistryImpl.java:212) ~[hibernate-core-7.4.5.Final.jar:7.4.5.Final]
	at org.hibernate.boot.model.relational.Database.<init>(Database.java:44) ~[hibernate-core-7.4.5.Final.jar:7.4.5.Final]
	at org.hibernate.boot.internal.InFlightMetadataCollectorImpl.getDatabase(InFlightMetadataCollectorImpl.java:251) ~[hibernate-core-7.4.5.Final.jar:7.4.5.Final]
	at org.hibernate.boot.internal.InFlightMetadataCollectorImpl.<init>(InFlightMetadataCollectorImpl.java:203) ~[hibernate-core-7.4.5.Final.jar:7.4.5.Final]
	at org.hibernate.boot.model.process.spi.MetadataBuildingProcess.complete(MetadataBuildingProcess.java:180) ~[hibernate-core-7.4.5.Final.jar:7.4.5.Final]
	at org.hibernate.jpa.boot.internal.EntityManagerFactoryBuilderImpl.metadata(EntityManagerFactoryBuilderImpl.java:1388) ~[hibernate-core-7.4.5.Final.jar:7.4.5.Final]
	at org.hibernate.jpa.boot.internal.EntityManagerFactoryBuilderImpl.populateSessionFactoryBuilder(EntityManagerFactoryBuilderImpl.java:1468) ~[hibernate-core-7.4.5.Final.jar:7.4.5.Final]
	at org.hibernate.jpa.boot.internal.EntityManagerFactoryBuilderImpl.build(EntityManagerFactoryBuilderImpl.java:1450) ~[hibernate-core-7.4.5.Final.jar:7.4.5.Final]
	at org.springframework.orm.jpa.vendor.SpringHibernateJpaPersistenceProvider.createContainerEntityManagerFactory(SpringHibernateJpaPersistenceProvider.java:93) ~[spring-orm-7.0.9.jar:7.0.9]
	at org.springframework.orm.jpa.LocalContainerEntityManagerFactoryBean.createNativeEntityManagerFactory(LocalContainerEntityManagerFactoryBean.java:443) ~[spring-orm-7.0.9.jar:7.0.9]
	at org.springframework.orm.jpa.AbstractEntityManagerFactoryBean.buildNativeEntityManagerFactory(AbstractEntityManagerFactoryBean.java:436) ~[spring-orm-7.0.9.jar:7.0.9]
	at org.springframework.orm.jpa.AbstractEntityManagerFactoryBean.afterPropertiesSet(AbstractEntityManagerFactoryBean.java:411) ~[spring-orm-7.0.9.jar:7.0.9]
	at org.springframework.orm.jpa.LocalContainerEntityManagerFactoryBean.afterPropertiesSet(LocalContainerEntityManagerFactoryBean.java:419) ~[spring-orm-7.0.9.jar:7.0.9]
	at org.springframework.beans.factory.support.AbstractAutowireCapableBeanFactory.invokeInitMethods(AbstractAutowireCapableBeanFactory.java:1862) ~[spring-beans-7.0.9.jar:7.0.9]
	at org.springframework.beans.factory.support.AbstractAutowireCapableBeanFactory.initializeBean(AbstractAutowireCapableBeanFactory.java:1811) ~[spring-beans-7.0.9.jar:7.0.9]
	at org.springframework.beans.factory.support.AbstractAutowireCapableBeanFactory.doCreateBean(AbstractAutowireCapableBeanFactory.java:603) ~[spring-beans-7.0.9.jar:7.0.9]
	at org.springframework.beans.factory.support.AbstractAutowireCapableBeanFactory.createBean(AbstractAutowireCapableBeanFactory.java:525) ~[spring-beans-7.0.9.jar:7.0.9]
	at org.springframework.beans.factory.support.AbstractBeanFactory.lambda$doGetBean$0(AbstractBeanFactory.java:333) ~[spring-beans-7.0.9.jar:7.0.9]
	at org.springframework.beans.factory.support.DefaultSingletonBeanRegistry.getSingleton(DefaultSingletonBeanRegistry.java:371) ~[spring-beans-7.0.9.jar:7.0.9]
	at org.springframework.beans.factory.support.AbstractBeanFactory.doGetBean(AbstractBeanFactory.java:331) ~[spring-beans-7.0.9.jar:7.0.9]
	at org.springframework.beans.factory.support.AbstractBeanFactory.getBean(AbstractBeanFactory.java:201) ~[spring-beans-7.0.9.jar:7.0.9]
	at org.springframework.context.support.AbstractApplicationContext.finishBeanFactoryInitialization(AbstractApplicationContext.java:977) ~[spring-context-7.0.9.jar:7.0.9]
	at org.springframework.context.support.AbstractApplicationContext.refresh(AbstractApplicationContext.java:621) ~[spring-context-7.0.9.jar:7.0.9]
	at org.springframework.boot.web.server.servlet.context.ServletWebServerApplicationContext.refresh(ServletWebServerApplicationContext.java:143) ~[spring-boot-web-server-4.1.1.jar:4.1.1]
	at org.springframework.boot.SpringApplication.refresh(SpringApplication.java:756) ~[spring-boot-4.1.1.jar:4.1.1]
	at org.springframework.boot.SpringApplication.refreshContext(SpringApplication.java:445) ~[spring-boot-4.1.1.jar:4.1.1]
	at org.springframework.boot.SpringApplication.run(SpringApplication.java:321) ~[spring-boot-4.1.1.jar:4.1.1]
	at org.springframework.boot.SpringApplication.run(SpringApplication.java:1365) ~[spring-boot-4.1.1.jar:4.1.1]
	at org.springframework.boot.SpringApplication.run(SpringApplication.java:1354) ~[spring-boot-4.1.1.jar:4.1.1]
	at com.banking.accountsservice.AccountServiceApplication.main(AccountServiceApplication.java:12) ~[classes/:na]
Caused by: org.h2.jdbc.JdbcSQLNonTransientConnectionException: Database may be already in use: "/home/tunnu/stark-labs/Microservice Banking app/account-service/data/account-db.mv.db". Possible solutions: close all other connection(s); use the server mode [90020-240]
	at org.h2.message.DbException.getJdbcSQLException(DbException.java:690) ~[h2-2.4.240.jar:2.4.240]
	at org.h2.message.DbException.getJdbcSQLException(DbException.java:489) ~[h2-2.4.240.jar:2.4.240]
	at org.h2.message.DbException.get(DbException.java:212) ~[h2-2.4.240.jar:2.4.240]
	at org.h2.mvstore.db.Store.convertMVStoreException(Store.java:165) ~[h2-2.4.240.jar:2.4.240]
	at org.h2.mvstore.db.Store.<init>(Store.java:142) ~[h2-2.4.240.jar:2.4.240]
	at org.h2.engine.Database.<init>(Database.java:328) ~[h2-2.4.240.jar:2.4.240]
	at org.h2.engine.Engine.openSession(Engine.java:92) ~[h2-2.4.240.jar:2.4.240]
	at org.h2.engine.Engine.openSession(Engine.java:222) ~[h2-2.4.240.jar:2.4.240]
	at org.h2.engine.Engine.createSession(Engine.java:201) ~[h2-2.4.240.jar:2.4.240]
	at org.h2.engine.SessionRemote.connectEmbeddedOrServer(SessionRemote.java:350) ~[h2-2.4.240.jar:2.4.240]
	at org.h2.jdbc.JdbcConnection.<init>(JdbcConnection.java:124) ~[h2-2.4.240.jar:2.4.240]
	at org.h2.Driver.connect(Driver.java:59) ~[h2-2.4.240.jar:2.4.240]
	at com.zaxxer.hikari.util.DriverDataSource.getConnection(DriverDataSource.java:144) ~[HikariCP-7.0.2.jar:na]
	at com.zaxxer.hikari.pool.PoolBase.newConnection(PoolBase.java:373) ~[HikariCP-7.0.2.jar:na]
	at com.zaxxer.hikari.pool.PoolBase.newPoolEntry(PoolBase.java:210) ~[HikariCP-7.0.2.jar:na]
	at com.zaxxer.hikari.pool.HikariPool.createPoolEntry(HikariPool.java:488) ~[HikariCP-7.0.2.jar:na]
	at com.zaxxer.hikari.pool.HikariPool.checkFailFast(HikariPool.java:576) ~[HikariCP-7.0.2.jar:na]
	at com.zaxxer.hikari.pool.HikariPool.<init>(HikariPool.java:97) ~[HikariCP-7.0.2.jar:na]
	at com.zaxxer.hikari.HikariDataSource.getConnection(HikariDataSource.java:111) ~[HikariCP-7.0.2.jar:na]
	at org.hibernate.engine.jdbc.connections.internal.DataSourceConnectionProvider.getConnection(DataSourceConnectionProvider.java:149) ~[hibernate-core-7.4.5.Final.jar:7.4.5.Final]
	at org.hibernate.engine.jdbc.env.internal.JdbcEnvironmentInitiator$ConnectionProviderJdbcConnectionAccess.obtainConnection(JdbcEnvironmentInitiator.java:508) ~[hibernate-core-7.4.5.Final.jar:7.4.5.Final]
	at org.hibernate.resource.transaction.backend.jdbc.internal.JdbcIsolationDelegate.delegateWork(JdbcIsolationDelegate.java:48) ~[hibernate-core-7.4.5.Final.jar:7.4.5.Final]
	... 37 common frames omitted
Caused by: org.h2.mvstore.MVStoreException: The file is locked: /home/tunnu/stark-labs/Microservice Banking app/account-service/data/account-db.mv.db [2.4.240/7]
	at org.h2.mvstore.DataUtils.newMVStoreException(DataUtils.java:996) ~[h2-2.4.240.jar:2.4.240]
	at org.h2.mvstore.SingleFileStore.lockFileChannel(SingleFileStore.java:143) ~[h2-2.4.240.jar:2.4.240]
	at org.h2.mvstore.SingleFileStore.open(SingleFileStore.java:117) ~[h2-2.4.240.jar:2.4.240]
	at org.h2.mvstore.SingleFileStore.open(SingleFileStore.java:81) ~[h2-2.4.240.jar:2.4.240]
	at org.h2.mvstore.MVStore.<init>(MVStore.java:291) ~[h2-2.4.240.jar:2.4.240]
	at org.h2.mvstore.MVStore$Builder.open(MVStore.java:2164) ~[h2-2.4.240.jar:2.4.240]
	at org.h2.mvstore.db.Store.<init>(Store.java:133) ~[h2-2.4.240.jar:2.4.240]
	... 54 common frames omitted

2026-09-28T17:04:04.422+05:30  WARN 31920 --- [account-service] [           main] org.hibernate.orm.deprecation            : HHH90000025: H2Dialect does not need to be specified explicitly using 'hibernate.dialect' (remove the property setting and it will be selected by default)
2026-09-28T17:04:04.430+05:30  INFO 31920 --- [account-service] [           main] org.hibernate.orm.connections.pooling    : HHH10001005: Database info:
	Database JDBC URL [undefined/unknown]
	Database driver: undefined/unknown
	Database dialect: H2Dialect
	Database version: 2.1.214
	Default catalog/schema: unknown/unknown
	Autocommit mode: undefined/unknown
	Isolation level: NONE [default NONE]
	JDBC fetch size: undefined/unknown
	Pool: DataSourceConnectionProvider
	Minimum pool size: undefined/unknown
	Maximum pool size: undefined/unknown
2026-09-28T17:04:05.044+05:30  INFO 31920 --- [account-service] [           main] org.hibernate.orm.core                   : HHH000489: No JTA platform available (set 'hibernate.transaction.jta.platform' to enable JTA platform integration)
2026-09-28T17:04:05.064+05:30  INFO 31920 --- [account-service] [           main] com.zaxxer.hikari.HikariDataSource       : HikariPool-1 - Starting...
2026-09-28T17:04:06.069+05:30  WARN 31920 --- [account-service] [           main] org.hibernate.orm.jdbc.error             : HHH000247: ErrorCode: 90020, SQLState: 90020
2026-09-28T17:04:06.069+05:30  WARN 31920 --- [account-service] [           main] org.hibernate.orm.jdbc.error             : Database may be already in use: "/home/tunnu/stark-labs/Microservice Banking app/account-service/data/account-db.mv.db". Possible solutions: close all other connection(s); use the server mode [90020-240]
2026-09-28T17:04:06.072+05:30 ERROR 31920 --- [account-service] [           main] j.LocalContainerEntityManagerFactoryBean : Failed to initialize JPA EntityManagerFactory: Unable to build Hibernate SessionFactory  [persistence unit: default] ; nested exception is org.hibernate.exception.JDBCConnectionException: Unable to open JDBC Connection for DDL execution [Database may be already in use: "/home/tunnu/stark-labs/Microservice Banking app/account-service/data/account-db.mv.db". Possible solutions: close all other connection(s); use the server mode [90020-240]] [n/a]
2026-09-28T17:04:06.073+05:30  WARN 31920 --- [account-service] [           main] ConfigServletWebServerApplicationContext : Exception encountered during context initialization - cancelling refresh attempt: org.springframework.beans.factory.BeanCreationException: Error creating bean with name 'entityManagerFactory' defined in class path resource [org/springframework/boot/hibernate/autoconfigure/HibernateJpaConfiguration.class]: Unable to build Hibernate SessionFactory  [persistence unit: default] ; nested exception is org.hibernate.exception.JDBCConnectionException: Unable to open JDBC Connection for DDL execution [Database may be already in use: "/home/tunnu/stark-labs/Microservice Banking app/account-service/data/account-db.mv.db". Possible solutions: close all other connection(s); use the server mode [90020-240]] [n/a]
2026-09-28T17:04:06.076+05:30  INFO 31920 --- [account-service] [           main] o.apache.catalina.core.StandardService   : Stopping service [Tomcat]
2026-09-28T17:04:06.086+05:30  INFO 31920 --- [account-service] [           main] .s.b.a.l.ConditionEvaluationReportLogger : 

Error starting ApplicationContext. To display the condition evaluation report re-run your application with 'debug' enabled.
2026-09-28T17:04:06.096+05:30 ERROR 31920 --- [account-service] [           main] o.s.boot.SpringApplication               : Application run failed

org.springframework.beans.factory.BeanCreationException: Error creating bean with name 'entityManagerFactory' defined in class path resource [org/springframework/boot/hibernate/autoconfigure/HibernateJpaConfiguration.class]: Unable to build Hibernate SessionFactory  [persistence unit: default] ; nested exception is org.hibernate.exception.JDBCConnectionException: Unable to open JDBC Connection for DDL execution [Database may be already in use: "/home/tunnu/stark-labs/Microservice Banking app/account-service/data/account-db.mv.db". Possible solutions: close all other connection(s); use the server mode [90020-240]] [n/a]
	at org.springframework.beans.factory.support.AbstractAutowireCapableBeanFactory.initializeBean(AbstractAutowireCapableBeanFactory.java:1815) ~[spring-beans-7.0.9.jar:7.0.9]
	at org.springframework.beans.factory.support.AbstractAutowireCapableBeanFactory.doCreateBean(AbstractAutowireCapableBeanFactory.java:603) ~[spring-beans-7.0.9.jar:7.0.9]
	at org.springframework.beans.factory.support.AbstractAutowireCapableBeanFactory.createBean(AbstractAutowireCapableBeanFactory.java:525) ~[spring-beans-7.0.9.jar:7.0.9]
	at org.springframework.beans.factory.support.AbstractBeanFactory.lambda$doGetBean$0(AbstractBeanFactory.java:333) ~[spring-beans-7.0.9.jar:7.0.9]
	at org.springframework.beans.factory.support.DefaultSingletonBeanRegistry.getSingleton(DefaultSingletonBeanRegistry.java:371) ~[spring-beans-7.0.9.jar:7.0.9]
	at org.springframework.beans.factory.support.AbstractBeanFactory.doGetBean(AbstractBeanFactory.java:331) ~[spring-beans-7.0.9.jar:7.0.9]
	at org.springframework.beans.factory.support.AbstractBeanFactory.getBean(AbstractBeanFactory.java:201) ~[spring-beans-7.0.9.jar:7.0.9]
	at org.springframework.context.support.AbstractApplicationContext.finishBeanFactoryInitialization(AbstractApplicationContext.java:977) ~[spring-context-7.0.9.jar:7.0.9]
	at org.springframework.context.support.AbstractApplicationContext.refresh(AbstractApplicationContext.java:621) ~[spring-context-7.0.9.jar:7.0.9]
	at org.springframework.boot.web.server.servlet.context.ServletWebServerApplicationContext.refresh(ServletWebServerApplicationContext.java:143) ~[spring-boot-web-server-4.1.1.jar:4.1.1]
	at org.springframework.boot.SpringApplication.refresh(SpringApplication.java:756) ~[spring-boot-4.1.1.jar:4.1.1]
	at org.springframework.boot.SpringApplication.refreshContext(SpringApplication.java:445) ~[spring-boot-4.1.1.jar:4.1.1]
	at org.springframework.boot.SpringApplication.run(SpringApplication.java:321) ~[spring-boot-4.1.1.jar:4.1.1]
	at org.springframework.boot.SpringApplication.run(SpringApplication.java:1365) ~[spring-boot-4.1.1.jar:4.1.1]
	at org.springframework.boot.SpringApplication.run(SpringApplication.java:1354) ~[spring-boot-4.1.1.jar:4.1.1]
	at com.banking.accountsservice.AccountServiceApplication.main(AccountServiceApplication.java:12) ~[classes/:na]
Caused by: jakarta.persistence.PersistenceException: Unable to build Hibernate SessionFactory  [persistence unit: default] ; nested exception is org.hibernate.exception.JDBCConnectionException: Unable to open JDBC Connection for DDL execution [Database may be already in use: "/home/tunnu/stark-labs/Microservice Banking app/account-service/data/account-db.mv.db". Possible solutions: close all other connection(s); use the server mode [90020-240]] [n/a]
	at org.springframework.orm.jpa.AbstractEntityManagerFactoryBean.buildNativeEntityManagerFactory(AbstractEntityManagerFactoryBean.java:448) ~[spring-orm-7.0.9.jar:7.0.9]
	at org.springframework.orm.jpa.AbstractEntityManagerFactoryBean.afterPropertiesSet(AbstractEntityManagerFactoryBean.java:411) ~[spring-orm-7.0.9.jar:7.0.9]
	at org.springframework.orm.jpa.LocalContainerEntityManagerFactoryBean.afterPropertiesSet(LocalContainerEntityManagerFactoryBean.java:419) ~[spring-orm-7.0.9.jar:7.0.9]
	at org.springframework.beans.factory.support.AbstractAutowireCapableBeanFactory.invokeInitMethods(AbstractAutowireCapableBeanFactory.java:1862) ~[spring-beans-7.0.9.jar:7.0.9]
	at org.springframework.beans.factory.support.AbstractAutowireCapableBeanFactory.initializeBean(AbstractAutowireCapableBeanFactory.java:1811) ~[spring-beans-7.0.9.jar:7.0.9]
	... 15 common frames omitted
Caused by: org.hibernate.exception.JDBCConnectionException: Unable to open JDBC Connection for DDL execution [Database may be already in use: "/home/tunnu/stark-labs/Microservice Banking app/account-service/data/account-db.mv.db". Possible solutions: close all other connection(s); use the server mode [90020-240]] [n/a]
	at org.hibernate.exception.internal.SQLExceptionTypeDelegate.convert(SQLExceptionTypeDelegate.java:49) ~[hibernate-core-7.4.5.Final.jar:7.4.5.Final]
	at org.hibernate.exception.internal.StandardSQLExceptionConverter.convert(StandardSQLExceptionConverter.java:34) ~[hibernate-core-7.4.5.Final.jar:7.4.5.Final]
	at org.hibernate.engine.jdbc.spi.SqlExceptionHelper.convert(SqlExceptionHelper.java:115) ~[hibernate-core-7.4.5.Final.jar:7.4.5.Final]
	at org.hibernate.engine.jdbc.spi.SqlExceptionHelper.convert(SqlExceptionHelper.java:101) ~[hibernate-core-7.4.5.Final.jar:7.4.5.Final]
	at org.hibernate.resource.transaction.backend.jdbc.internal.DdlTransactionIsolatorNonJtaImpl.getIsolatedConnection(DdlTransactionIsolatorNonJtaImpl.java:71) ~[hibernate-core-7.4.5.Final.jar:7.4.5.Final]
	at org.hibernate.resource.transaction.backend.jdbc.internal.DdlTransactionIsolatorNonJtaImpl.getIsolatedConnection(DdlTransactionIsolatorNonJtaImpl.java:37) ~[hibernate-core-7.4.5.Final.jar:7.4.5.Final]
	at org.hibernate.tool.schema.internal.exec.ImprovedExtractionContextImpl.getJdbcConnection(ImprovedExtractionContextImpl.java:61) ~[hibernate-core-7.4.5.Final.jar:7.4.5.Final]
	at org.hibernate.tool.schema.extract.spi.ExtractionContext.getQueryResults(ExtractionContext.java:41) ~[hibernate-core-7.4.5.Final.jar:7.4.5.Final]
	at org.hibernate.tool.schema.extract.internal.SequenceInformationExtractorLegacyImpl.extractMetadata(SequenceInformationExtractorLegacyImpl.java:36) ~[hibernate-core-7.4.5.Final.jar:7.4.5.Final]
	at org.hibernate.tool.schema.extract.internal.DatabaseInformationImpl.initializeSequences(DatabaseInformationImpl.java:73) ~[hibernate-core-7.4.5.Final.jar:7.4.5.Final]
	at org.hibernate.tool.schema.extract.internal.DatabaseInformationImpl.<init>(DatabaseInformationImpl.java:63) ~[hibernate-core-7.4.5.Final.jar:7.4.5.Final]
	at org.hibernate.tool.schema.extract.internal.CachingDatabaseInformationImpl.<init>(CachingDatabaseInformationImpl.java:43) ~[hibernate-core-7.4.5.Final.jar:7.4.5.Final]
	at org.hibernate.tool.schema.internal.GroupedSchemaMigratorImpl.buildDatabaseInformation(GroupedSchemaMigratorImpl.java:112) ~[hibernate-core-7.4.5.Final.jar:7.4.5.Final]
	at org.hibernate.tool.schema.internal.AbstractSchemaMigrator.doMigration(AbstractSchemaMigrator.java:83) ~[hibernate-core-7.4.5.Final.jar:7.4.5.Final]
	at org.hibernate.tool.schema.spi.SchemaManagementToolCoordinator.performDatabaseAction(SchemaManagementToolCoordinator.java:269) ~[hibernate-core-7.4.5.Final.jar:7.4.5.Final]
	at org.hibernate.tool.schema.spi.SchemaManagementToolCoo2026-09-28T17:04:40.065+05:30  INFO 31450 --- [account-service] [nio-8081-exec-1] o.a.c.c.C.[Tomcat].[localhost].[/]       : Initializing Spring DispatcherServlet 'dispatcherServlet'
2026-09-28T17:04:40.065+05:30  INFO 31450 --- [account-service] [nio-8081-exec-1] o.s.web.servlet.DispatcherServlet        : Initializing Servlet 'dispatcherServlet'
2026-09-28T17:04:40.068+05:30  INFO 31450 --- [account-service] [nio-8081-exec-1] o.s.web.servlet.DispatcherServlet        : Completed initialization in 3 ms
2026-09-28T17:04:40.238+05:30  WARN 31450 --- [account-service] [nio-8081-exec-1] .w.s.m.s.DefaultHandlerExceptionResolver : Resolved [org.springframework.web.bind.MethodArgumentNotValidException: Validation failed for argument [0] in public org.springframework.http.ResponseEntity<com.banking.accountsservice.dto.AccountResponse> com.banking.accountsservice.controller.AccountController.createAccount(com.banking.accountsservice.dto.CreateAccountRequest) with 3 errors: [Field error in object 'createAccountRequest' on field 'phone': rejected value [null]; codes [NotNull.createAccountRequest.phone,NotNull.phone,NotNull.java.lang.String,NotNull]; arguments [org.springframework.context.support.DefaultMessageSourceResolvable: codes [createAccountRequest.phone,phone]; arguments []; default message [phone]]; default message [phone is required]] [Field error in object 'createAccountRequest' on field 'initialDeposit': rejected value [null]; codes [NotNull.createAccountRequest.initialDeposit,NotNull.initialDeposit,NotNull.java.math.BigDecimal,NotNull]; arguments [org.springframework.context.support.DefaultMessageSourceResolvable: codes [createAccountRequest.initialDeposit,initialDeposit]; arguments []; default message [initialDeposit]]; default message [Initial deposit is required]] [Field error in object 'createAccountRequest' on field 'email': rejected value [null]; codes [NotBlank.createAccountRequest.email,NotBlank.email,NotBlank.java.lang.String,NotBlank]; arguments [org.springframework.context.support.DefaultMessageSourceResolvable: codes [createAccountRequest.email,email]; arguments []; default message [email]]; default message [Email is required]] ]
2026-09-28T17:04:51.922+05:30  WARN 31450 --- [account-service] [nio-8081-exec-2] .w.s.m.s.DefaultHandlerExceptionResolver : Resolved [org.springframework.web.bind.MethodArgumentNotValidException: Validation failed for argument [0] in public org.springframework.http.ResponseEntity<com.banking.accountsservice.dto.AccountResponse> com.banking.accountsservice.controller.AccountController.createAccount(com.banking.accountsservice.dto.CreateAccountRequest) with 3 errors: [Field error in object 'createAccountRequest' on field 'phone': rejected value [null]; codes [NotNull.createAccountRequest.phone,NotNull.phone,NotNull.java.lang.String,NotNull]; arguments [org.springframework.context.support.DefaultMessageSourceResolvable: codes [createAccountRequest.phone,phone]; arguments []; default message [phone]]; default message [phone is required]] [Field error in object 'createAccountRequest' on field 'initialDeposit': rejected value [null]; codes [NotNull.createAccountRequest.initialDeposit,NotNull.initialDeposit,NotNull.java.math.BigDecimal,NotNull]; arguments [org.springframework.context.support.DefaultMessageSourceResolvable: codes [createAccountRequest.initialDeposit,initialDeposit]; arguments []; default message [initialDeposit]]; default message [Initial deposit is required]] [Field error in object 'createAccountRequest' on field 'email': rejected value [null]; codes [NotBlank.createAccountRequest.email,NotBlank.email,NotBlank.java.lang.String,NotBlank]; arguments [org.springframework.context.support.DefaultMessageSourceResolvable: codes [createAccountRequest.email,email]; arguments []; default message [email]]; default message [Email is required]] ]
2026-09-28T17:07:10.684+05:30  WARN 31450 --- [account-service] [nio-8081-exec-5] .w.s.m.s.DefaultHandlerExceptionResolver : Resolved [org.springframework.web.bind.MethodArgumentNotValidException: Validation failed for argument [0] in public org.springframework.http.ResponseEntity<com.banking.accountsservice.dto.AccountResponse> com.banking.accountsservice.controller.AccountController.createAccount(com.banking.accountsservice.dto.CreateAccountRequest) with 3 errors: [Field error in object 'createAccountRequest' on field 'initialDeposit': rejected value [null]; codes [NotNull.createAccountRequest.initialDeposit,NotNull.initialDeposit,NotNull.java.math.BigDecimal,NotNull]; arguments [org.springframework.context.support.DefaultMessageSourceResolvable: codes [createAccountRequest.initialDeposit,initialDeposit]; arguments []; default message [initialDeposit]]; default message [Initial deposit is required]] [Field error in object 'createAccountRequest' on field 'email': rejected value [null]; codes [NotBlank.createAccountRequest.email,NotBlank.email,NotBlank.java.lang.String,NotBlank]; arguments [org.springframework.context.support.DefaultMessageSourceResolvable: codes [createAccountRequest.email,email]; arguments []; default message [email]]; default message [Email is required]] [Field error in object 'createAccountRequest' on field 'phone': rejected value [null]; codes [NotNull.createAccountRequest.phone,NotNull.phone,NotNull.java.lang.String,NotNull]; arguments [org.springframework.context.support.DefaultMessageSourceResolvable: codes [createAccountRequest.phone,phone]; arguments []; default message [phone]]; default message [phone is required]] ]
2026-09-28T17:07:52.197+05:30  INFO 31450 --- [account-service] [nio-8081-exec-8] c.b.a.service.AccountService             : creating account for user.a@example.com
Hibernate: select a1_0.id from account a1_0 where a1_0.email=? fetch first ? rows only
Hibernate: select a1_0.id from account a1_0 where a1_0.account_number=? fetch first ? rows only
2026-09-28T17:07:52.532+05:30  INFO 31450 --- [account-service] [nio-8081-exec-8] c.b.a.service.AccountService             : account created: 216490483366
Hibernate: insert into account (account_holder_name,account_number,account_type,balance,created_at,daily_transcation_limit,email,phone,status,updated_at,id) values (?,?,?,?,?,?,?,?,?,?,?)
2026-09-28T17:07:52.575+05:30  INFO 31450 --- [account-service] [nio-8081-exec-7] c.b.a.service.AccountService             : creating account for user.b@example.com
Hibernate: select a1_0.id from account a1_0 where a1_0.email=? fetch first ? rows only
Hibernate: select a1_0.id from account a1_0 where a1_0.account_number=? fetch first ? rows only
2026-09-28T17:07:52.579+05:30  INFO 31450 --- [account-service] [nio-8081-exec-7] c.b.a.service.AccountService             : account created: 996245111306
Hibernate: insert into account (account_holder_name,account_number,account_type,balance,created_at,daily_transcation_limit,email,phone,status,updated_at,id) values (?,?,?,?,?,?,?,?,?,?,?)
2026-09-28T17:09:30.608+05:30  INFO 31450 --- [account-service] [io-8081-exec-10] c.b.a.service.AccountService             : creating account for user.a@example.com
Hibernate: select a1_0.id from account a1_0 where a1_0.email=? fetch first ? rows only
2026-09-28T17:09:30.642+05:30  INFO 31450 --- [account-service] [nio-8081-exec-1] c.b.a.service.AccountService             : creating account for user.b@example.com
Hibernate: select a1_0.id from account a1_0 where a1_0.email=? fetch first ? rows only
2026-09-28T17:39:50.083+05:30  INFO 31450 --- [account-service] [nio-8081-exec-3] c.b.a.service.AccountService             : creating account for user.a.31539@example.com
Hibernate: select a1_0.id from account a1_0 where a1_0.email=? fetch first ? rows only
Hibernate: select a1_0.id from account a1_0 where a1_0.account_number=? fetch first ? rows only
2026-09-28T17:39:50.087+05:30  INFO 31450 --- [account-service] [nio-8081-exec-3] c.b.a.service.AccountService             : account created: 617055287799
Hibernate: insert into account (account_holder_name,account_number,account_type,balance,created_at,daily_transcation_limit,email,phone,status,updated_at,id) values (?,?,?,?,?,?,?,?,?,?,?)
2026-09-28T17:39:50.125+05:30  INFO 31450 --- [account-service] [nio-8081-exec-2] c.b.a.service.AccountService             : creating account for user.b.31539@example.com
Hibernate: select a1_0.id from account a1_0 where a1_0.email=? fetch first ? rows only
Hibernate: select a1_0.id from account a1_0 where a1_0.account_number=? fetch first ? rows only
2026-09-28T17:39:50.128+05:30  INFO 31450 --- [account-service] [nio-8081-exec-2] c.b.a.service.AccountService             : account created: 227864597250
Hibernate: insert into account (account_holder_name,account_number,account_type,balance,created_at,daily_transcation_limit,email,phone,status,updated_at,id) values (?,?,?,?,?,?,?,?,?,?,?)
Hibernate: select a1_0.id,a1_0.account_holder_name,a1_0.account_number,a1_0.account_type,a1_0.balance,a1_0.created_at,a1_0.daily_transcation_limit,a1_0.email,a1_0.phone,a1_0.status,a1_0.updated_at from account a1_0 where a1_0.account_number=?
2026-09-28T17:39:50.379+05:30  INFO 31450 --- [account-service] [nio-8081-exec-4] c.b.a.service.AccountService             : deducted 500.00 from account 617055287799
Hibernate: update account set account_holder_name=?,account_number=?,account_type=?,balance=?,daily_transcation_limit=?,email=?,phone=?,status=?,updated_at=? where id=?
2026-09-28T17:40:59.494+05:30  INFO 31450 --- [account-service] [nio-8081-exec-8] c.b.a.service.AccountService             : creating account for user.a.20356@example.com
Hibernate: select a1_0.id from account a1_0 where a1_0.email=? fetch first ? rows only
Hibernate: select a1_0.id from account a1_0 where a1_0.account_number=? fetch first ? rows only
2026-09-28T17:40:59.496+05:30  INFO 31450 --- [account-service] [nio-8081-exec-8] c.b.a.service.AccountService             : account created: 405302444457
Hibernate: insert into account (account_holder_name,account_number,account_type,balance,created_at,daily_transcation_limit,email,phone,status,updated_at,id) values (?,?,?,?,?,?,?,?,?,?,?)
2026-09-28T17:40:59.530+05:30  INFO 31450 --- [account-service] [nio-8081-exec-7] c.b.a.service.AccountService             : creating account for user.b.20356@example.com
Hibernate: select a1_0.id from account a1_0 where a1_0.email=? fetch first ? rows only
Hibernate: select a1_0.id from account a1_0 where a1_0.account_number=? fetch first ? rows only
2026-09-28T17:40:59.532+05:30  INFO 31450 --- [account-service] [nio-8081-exec-7] c.b.a.service.AccountService             : account created: 875325358348
Hibernate: insert into account (account_holder_name,account_number,account_type,balance,created_at,daily_transcation_limit,email,phone,status,updated_at,id) values (?,?,?,?,?,?,?,?,?,?,?)
Hibernate: select a1_0.id,a1_0.account_holder_name,a1_0.account_number,a1_0.account_type,a1_0.balance,a1_0.created_at,a1_0.daily_transcation_limit,a1_0.email,a1_0.phone,a1_0.status,a1_0.updated_at from account a1_0 where a1_0.account_number=?
2026-09-28T17:40:59.567+05:30  INFO 31450 --- [account-service] [nio-8081-exec-9] c.b.a.service.AccountService             : deducted 500.00 from account 405302444457
Hibernate: update account set account_holder_name=?,account_number=?,account_type=?,balance=?,daily_transcation_limit=?,email=?,phone=?,status=?,updated_at=? where id=?
2026-09-28T17:41:30.469+05:30  INFO 31450 --- [account-service] [nio-8081-exec-1] c.b.a.service.AccountService             : creating account for user.a.24242@example.com
Hibernate: select a1_0.id from account a1_0 where a1_0.email=? fetch first ? rows only
Hibernate: select a1_0.id from account a1_0 where a1_0.account_number=? fetch first ? rows only
2026-09-28T17:41:30.473+05:30  INFO 31450 --- [account-service] [nio-8081-exec-1] c.b.a.service.AccountService             : account created: 893070352492
Hibernate: insert into account (account_holder_name,account_number,account_type,balance,created_at,daily_transcation_limit,email,phone,status,updated_at,id) values (?,?,?,?,?,?,?,?,?,?,?)
2026-09-28T17:41:30.519+05:30  INFO 31450 --- [account-service] [nio-8081-exec-3] c.b.a.service.AccountService             : creating account for user.b.24242@example.com
Hibernate: select a1_0.id from account a1_0 where a1_0.email=? fetch first ? rows only
Hibernate: select a1_0.id from account a1_0 where a1_0.account_number=? fetch first ? rows only
2026-09-28T17:41:30.522+05:30  INFO 31450 --- [account-service] [nio-8081-exec-3] c.b.a.service.AccountService             : account created: 348938584740
Hibernate: insert into account (account_holder_name,account_number,account_type,balance,created_at,daily_transcation_limit,email,phone,status,updated_at,id) values (?,?,?,?,?,?,?,?,?,?,?)
Hibernate: select a1_0.id,a1_0.account_holder_name,a1_0.account_number,a1_0.account_type,a1_0.balance,a1_0.created_at,a1_0.daily_transcation_limit,a1_0.email,a1_0.phone,a1_0.status,a1_0.updated_at from account a1_0 where a1_0.account_number=?
2026-09-28T17:41:30.750+05:30  INFO 31450 --- [account-service] [nio-8081-exec-2] c.b.a.service.AccountService             : deducted 500.00 from account 893070352492
Hibernate: update account set account_holder_name=?,account_number=?,account_type=?,balance=?,daily_transcation_limit=?,email=?,phone=?,status=?,updated_at=? where id=?
2026-09-28T17:42:26.122+05:30  INFO 31450 --- [account-service] [nio-8081-exec-4] c.b.a.service.AccountService             : creating account for user.a.30029@example.com
Hibernate: select a1_0.id from account a1_0 where a1_0.email=? fetch first ? rows only
Hibernate: select a1_0.id from account a1_0 where a1_0.account_number=? fetch first ? rows only
2026-09-28T17:42:26.124+05:30  INFO 31450 --- [account-service] [nio-8081-exec-4] c.b.a.service.AccountService             : account created: 498752886663
Hibernate: insert into account (account_holder_name,account_number,account_type,balance,created_at,daily_transcation_limit,email,phone,status,updated_at,id) values (?,?,?,?,?,?,?,?,?,?,?)
2026-09-28T17:42:26.168+05:30  INFO 31450 --- [account-service] [nio-8081-exec-5] c.b.a.service.AccountService             : creating account for user.b.30029@example.com
Hibernate: select a1_0.id from account a1_0 where a1_0.email=? fetch first ? rows only
Hibernate: select a1_0.id from account a1_0 where a1_0.account_number=? fetch first ? rows only
2026-09-28T17:42:26.171+05:30  INFO 31450 --- [account-service] [nio-8081-exec-5] c.b.a.service.AccountService             : account created: 605413195544
Hibernate: insert into account (account_holder_name,account_number,account_type,balance,created_at,daily_transcation_limit,email,phone,status,updated_at,id) values (?,?,?,?,?,?,?,?,?,?,?)
Hibernate: select a1_0.id,a1_0.account_holder_name,a1_0.account_number,a1_0.account_type,a1_0.balance,a1_0.created_at,a1_0.daily_transcation_limit,a1_0.email,a1_0.phone,a1_0.status,a1_0.updated_at from account a1_0 where a1_0.account_number=?
2026-09-28T17:42:26.224+05:30  INFO 31450 --- [account-service] [nio-8081-exec-6] c.b.a.service.AccountService             : deducted 500.00 from account 498752886663
Hibernate: update account set account_holder_name=?,account_number=?,account_type=?,balance=?,daily_transcation_limit=?,email=?,phone=?,status=?,updated_at=? where id=?
2026-09-28T17:48:49.440+05:30  INFO 31450 --- [account-service] [nio-8081-exec-9] c.b.a.service.AccountService             : creating account for user.a.21831@example.com
Hibernate: select a1_0.id from account a1_0 where a1_0.email=? fetch first ? rows only
Hibernate: select a1_0.id from account a1_0 where a1_0.account_number=? fetch first ? rows only
2026-09-28T17:48:49.443+05:30  INFO 31450 --- [account-service] [nio-8081-exec-9] c.b.a.service.AccountService             : account created: 000526117380
Hibernate: insert into account (account_holder_name,account_number,account_type,balance,created_at,daily_transcation_limit,email,phone,status,updated_at,id) values (?,?,?,?,?,?,?,?,?,?,?)
2026-09-28T17:48:49.477+05:30  INFO 31450 --- [account-service] [io-8081-exec-10] c.b.a.service.AccountService             : creating account for user.b.21831@example.com
Hibernate: select a1_0.id from account a1_0 where a1_0.email=? fetch first ? rows only
Hibernate: select a1_0.id from account a1_0 where a1_0.account_number=? fetch first ? rows only
2026-09-28T17:48:49.479+05:30  INFO 31450 --- [account-service] [io-8081-exec-10] c.b.a.service.AccountService             : account created: 305193792199
Hibernate: insert into account (account_holder_name,account_number,account_type,balance,created_at,daily_transcation_limit,email,phone,status,updated_at,id) values (?,?,?,?,?,?,?,?,?,?,?)
Hibernate: select a1_0.id,a1_0.account_holder_name,a1_0.account_number,a1_0.account_type,a1_0.balance,a1_0.created_at,a1_0.daily_transcation_limit,a1_0.email,a1_0.phone,a1_0.status,a1_0.updated_at from account a1_0 where a1_0.account_number=?
2026-09-28T17:48:49.667+05:30  INFO 31450 --- [account-service] [nio-8081-exec-1] c.b.a.service.AccountService             : deducted 500.00 from account 000526117380
Hibernate: update account set account_holder_name=?,account_number=?,account_type=?,balance=?,daily_transcation_limit=?,email=?,phone=?,status=?,updated_at=? where id=?
